Base path: E:/Unity_2018.4.8f1/Editor/Data
Cmd: initializeCompiler
Cmd: preprocess
  insize=2045 outsize=690 ok=1
Cmd: preprocess
  insize=2520 outsize=1467 ok=1
Cmd: compileSnippet
  api=4 type=0 insize=1498 outsize=650 kw= pd=UNITY_ENABLE_REFLECTION_BUFFERS UNITY_USE_DITHER_MASK_FOR_ALPHABLENDED_SHADOWS UNITY_PBS_USE_BRDF1 UNITY_SPECCUBE_BOX_PROJECTION UNITY_SPECCUBE_BLENDING UNITY_ENABLE_DETAIL_NORMALMAP SHADER_API_DESKTOP UNITY_COLORSPACE_GAMMA UNITY_LIGHT_PROBE_PROXY_VOLUME UNITY_LIGHTMAP_FULL_HDR ok=1
Cmd: compileSnippet
  api=4 type=1 insize=1498 outsize=894 kw= pd=UNITY_ENABLE_REFLECTION_BUFFERS UNITY_USE_DITHER_MASK_FOR_ALPHABLENDED_SHADOWS UNITY_PBS_USE_BRDF1 UNITY_SPECCUBE_BOX_PROJECTION UNITY_SPECCUBE_BLENDING UNITY_ENABLE_DETAIL_NORMALMAP SHADER_API_DESKTOP UNITY_COLORSPACE_GAMMA UNITY_LIGHT_PROBE_PROXY_VOLUME UNITY_LIGHTMAP_FULL_HDR ok=1
Cmd: preprocess
  insize=1538 outsize=504 ok=1
Cmd: preprocess
  insize=1657 outsize=557 ok=1
Cmd: preprocess
  insize=2052 outsize=405 ok=1
Cmd: preprocess
  insize=1507 outsize=394 ok=1
Cmd: preprocess
  insize=2155 outsize=541 ok=1
Cmd: initializeCompiler
Cmd: initializeCompiler
